This is test.log 
